/*---------------------------------------------------------------------------*\
| =========                 |                                                 |
| \\      /  F ield         | OpenFOAM: The Open Source CFD Toolbox           |
|  \\    /   O peration     | Version:  2312                                  |
|   \\  /    A nd           | Website:  www.openfoam.com                      |
|    \\/     M anipulation  |                                                 |
\*---------------------------------------------------------------------------*/
Build  : _c39a0f64-20231220 OPENFOAM=2312 version=2312
Arch   : "LSB;label=32;scalar=64"
Exec   : potentialFoam -writePhi -initialiseUBCs
Date   : May 15 2026
Time   : 05:22:23
Host   : fdd2f4c1b58c
PID    : 220
I/O    : uncollated
Case   : /case
nProcs : 1
trapFpe: Floating point exception trapping enabled (FOAM_SIGFPE).
fileModificationChecking : Monitoring run-time modified files using timeStampMaster (fileModificationSkew 5, maxFileModificationPolls 20)
allowSystemOperations : Allowing user-supplied system call operations

// * * * * * * * * * * * * * * * * * * * * * * * * * * * * * * * * * * * * * //
Create time

Create mesh for time = 0


potentialFlow: Operating solver in PISO mode

Reading velocity field U

Constructing pressure field p

Constructing velocity potential field Phi

No MRF models present


Calculating potential flow
DICPCG:  Solving for Phi, Initial residual = 1, Final residual = 0.0080585105, No Iterations 12
Continuity error = 0.15313782
Interpolated velocity error = 0.00066685812
ExecutionTime = 0.26 s  ClockTime = 0 s

End

