# AI-CFD-V2 Phase 0 mocked solver log
# WARNING: No real CFD solver was executed.
# Residuals below are synthetic placeholders.

Time = 1  residual(Ux)=9.876e-01  residual(Uy)=9.876e-01  residual(p)=9.876e-01  residual(k)=9.876e-01  residual(omega)=9.876e-01
Time = 2  residual(Ux)=9.753e-01  residual(Uy)=9.753e-01  residual(p)=9.753e-01  residual(k)=9.753e-01  residual(omega)=9.753e-01
Time = 3  residual(Ux)=9.632e-01  residual(Uy)=9.632e-01  residual(p)=9.632e-01  residual(k)=9.632e-01  residual(omega)=9.632e-01
Time = 4  residual(Ux)=9.512e-01  residual(Uy)=9.512e-01  residual(p)=9.512e-01  residual(k)=9.512e-01  residual(omega)=9.512e-01
Time = 5  residual(Ux)=9.394e-01  residual(Uy)=9.394e-01  residual(p)=9.394e-01  residual(k)=9.394e-01  residual(omega)=9.394e-01
Time = 6  residual(Ux)=9.277e-01  residual(Uy)=9.277e-01  residual(p)=9.277e-01  residual(k)=9.277e-01  residual(omega)=9.277e-01
Time = 7  residual(Ux)=9.162e-01  residual(Uy)=9.162e-01  residual(p)=9.162e-01  residual(k)=9.162e-01  residual(omega)=9.162e-01
Time = 8  residual(Ux)=9.048e-01  residual(Uy)=9.048e-01  residual(p)=9.048e-01  residual(k)=9.048e-01  residual(omega)=9.048e-01
Time = 9  residual(Ux)=8.936e-01  residual(Uy)=8.936e-01  residual(p)=8.936e-01  residual(k)=8.936e-01  residual(omega)=8.936e-01
Time = 10  residual(Ux)=8.825e-01  residual(Uy)=8.825e-01  residual(p)=8.825e-01  residual(k)=8.825e-01  residual(omega)=8.825e-01
Time = 11  residual(Ux)=8.715e-01  residual(Uy)=8.715e-01  residual(p)=8.715e-01  residual(k)=8.715e-01  residual(omega)=8.715e-01
Time = 12  residual(Ux)=8.607e-01  residual(Uy)=8.607e-01  residual(p)=8.607e-01  residual(k)=8.607e-01  residual(omega)=8.607e-01
Time = 13  residual(Ux)=8.500e-01  residual(Uy)=8.500e-01  residual(p)=8.500e-01  residual(k)=8.500e-01  residual(omega)=8.500e-01
Time = 14  residual(Ux)=8.395e-01  residual(Uy)=8.395e-01  residual(p)=8.395e-01  residual(k)=8.395e-01  residual(omega)=8.395e-01
Time = 15  residual(Ux)=8.290e-01  residual(Uy)=8.290e-01  residual(p)=8.290e-01  residual(k)=8.290e-01  residual(omega)=8.290e-01
Time = 16  residual(Ux)=8.187e-01  residual(Uy)=8.187e-01  residual(p)=8.187e-01  residual(k)=8.187e-01  residual(omega)=8.187e-01
Time = 17  residual(Ux)=8.086e-01  residual(Uy)=8.086e-01  residual(p)=8.086e-01  residual(k)=8.086e-01  residual(omega)=8.086e-01
Time = 18  residual(Ux)=7.985e-01  residual(Uy)=7.985e-01  residual(p)=7.985e-01  residual(k)=7.985e-01  residual(omega)=7.985e-01
Time = 19  residual(Ux)=7.886e-01  residual(Uy)=7.886e-01  residual(p)=7.886e-01  residual(k)=7.886e-01  residual(omega)=7.886e-01
Time = 20  residual(Ux)=7.788e-01  residual(Uy)=7.788e-01  residual(p)=7.788e-01  residual(k)=7.788e-01  residual(omega)=7.788e-01
Time = 21  residual(Ux)=7.691e-01  residual(Uy)=7.691e-01  residual(p)=7.691e-01  residual(k)=7.691e-01  residual(omega)=7.691e-01
Time = 22  residual(Ux)=7.596e-01  residual(Uy)=7.596e-01  residual(p)=7.596e-01  residual(k)=7.596e-01  residual(omega)=7.596e-01
Time = 23  residual(Ux)=7.501e-01  residual(Uy)=7.501e-01  residual(p)=7.501e-01  residual(k)=7.501e-01  residual(omega)=7.501e-01
Time = 24  residual(Ux)=7.408e-01  residual(Uy)=7.408e-01  residual(p)=7.408e-01  residual(k)=7.408e-01  residual(omega)=7.408e-01
Time = 25  residual(Ux)=7.316e-01  residual(Uy)=7.316e-01  residual(p)=7.316e-01  residual(k)=7.316e-01  residual(omega)=7.316e-01
Time = 26  residual(Ux)=7.225e-01  residual(Uy)=7.225e-01  residual(p)=7.225e-01  residual(k)=7.225e-01  residual(omega)=7.225e-01
Time = 27  residual(Ux)=7.136e-01  residual(Uy)=7.136e-01  residual(p)=7.136e-01  residual(k)=7.136e-01  residual(omega)=7.136e-01
Time = 28  residual(Ux)=7.047e-01  residual(Uy)=7.047e-01  residual(p)=7.047e-01  residual(k)=7.047e-01  residual(omega)=7.047e-01
Time = 29  residual(Ux)=6.959e-01  residual(Uy)=6.959e-01  residual(p)=6.959e-01  residual(k)=6.959e-01  residual(omega)=6.959e-01
Time = 30  residual(Ux)=6.873e-01  residual(Uy)=6.873e-01  residual(p)=6.873e-01  residual(k)=6.873e-01  residual(omega)=6.873e-01
Time = 31  residual(Ux)=6.788e-01  residual(Uy)=6.788e-01  residual(p)=6.788e-01  residual(k)=6.788e-01  residual(omega)=6.788e-01
Time = 32  residual(Ux)=6.703e-01  residual(Uy)=6.703e-01  residual(p)=6.703e-01  residual(k)=6.703e-01  residual(omega)=6.703e-01
Time = 33  residual(Ux)=6.620e-01  residual(Uy)=6.620e-01  residual(p)=6.620e-01  residual(k)=6.620e-01  residual(omega)=6.620e-01
Time = 34  residual(Ux)=6.538e-01  residual(Uy)=6.538e-01  residual(p)=6.538e-01  residual(k)=6.538e-01  residual(omega)=6.538e-01
Time = 35  residual(Ux)=6.456e-01  residual(Uy)=6.456e-01  residual(p)=6.456e-01  residual(k)=6.456e-01  residual(omega)=6.456e-01
Time = 36  residual(Ux)=6.376e-01  residual(Uy)=6.376e-01  residual(p)=6.376e-01  residual(k)=6.376e-01  residual(omega)=6.376e-01
Time = 37  residual(Ux)=6.297e-01  residual(Uy)=6.297e-01  residual(p)=6.297e-01  residual(k)=6.297e-01  residual(omega)=6.297e-01
Time = 38  residual(Ux)=6.219e-01  residual(Uy)=6.219e-01  residual(p)=6.219e-01  residual(k)=6.219e-01  residual(omega)=6.219e-01
Time = 39  residual(Ux)=6.142e-01  residual(Uy)=6.142e-01  residual(p)=6.142e-01  residual(k)=6.142e-01  residual(omega)=6.142e-01
Time = 40  residual(Ux)=6.065e-01  residual(Uy)=6.065e-01  residual(p)=6.065e-01  residual(k)=6.065e-01  residual(omega)=6.065e-01
Time = 41  residual(Ux)=5.990e-01  residual(Uy)=5.990e-01  residual(p)=5.990e-01  residual(k)=5.990e-01  residual(omega)=5.990e-01
Time = 42  residual(Ux)=5.916e-01  residual(Uy)=5.916e-01  residual(p)=5.916e-01  residual(k)=5.916e-01  residual(omega)=5.916e-01
Time = 43  residual(Ux)=5.842e-01  residual(Uy)=5.842e-01  residual(p)=5.842e-01  residual(k)=5.842e-01  residual(omega)=5.842e-01
Time = 44  residual(Ux)=5.769e-01  residual(Uy)=5.769e-01  residual(p)=5.769e-01  residual(k)=5.769e-01  residual(omega)=5.769e-01
Time = 45  residual(Ux)=5.698e-01  residual(Uy)=5.698e-01  residual(p)=5.698e-01  residual(k)=5.698e-01  residual(omega)=5.698e-01
Time = 46  residual(Ux)=5.627e-01  residual(Uy)=5.627e-01  residual(p)=5.627e-01  residual(k)=5.627e-01  residual(omega)=5.627e-01
Time = 47  residual(Ux)=5.557e-01  residual(Uy)=5.557e-01  residual(p)=5.557e-01  residual(k)=5.557e-01  residual(omega)=5.557e-01
Time = 48  residual(Ux)=5.488e-01  residual(Uy)=5.488e-01  residual(p)=5.488e-01  residual(k)=5.488e-01  residual(omega)=5.488e-01
Time = 49  residual(Ux)=5.420e-01  residual(Uy)=5.420e-01  residual(p)=5.420e-01  residual(k)=5.420e-01  residual(omega)=5.420e-01
Time = 50  residual(Ux)=5.353e-01  residual(Uy)=5.353e-01  residual(p)=5.353e-01  residual(k)=5.353e-01  residual(omega)=5.353e-01
Time = 51  residual(Ux)=5.286e-01  residual(Uy)=5.286e-01  residual(p)=5.286e-01  residual(k)=5.286e-01  residual(omega)=5.286e-01
Time = 52  residual(Ux)=5.220e-01  residual(Uy)=5.220e-01  residual(p)=5.220e-01  residual(k)=5.220e-01  residual(omega)=5.220e-01
Time = 53  residual(Ux)=5.156e-01  residual(Uy)=5.156e-01  residual(p)=5.156e-01  residual(k)=5.156e-01  residual(omega)=5.156e-01
Time = 54  residual(Ux)=5.092e-01  residual(Uy)=5.092e-01  residual(p)=5.092e-01  residual(k)=5.092e-01  residual(omega)=5.092e-01
Time = 55  residual(Ux)=5.028e-01  residual(Uy)=5.028e-01  residual(p)=5.028e-01  residual(k)=5.028e-01  residual(omega)=5.028e-01
Time = 56  residual(Ux)=4.966e-01  residual(Uy)=4.966e-01  residual(p)=4.966e-01  residual(k)=4.966e-01  residual(omega)=4.966e-01
Time = 57  residual(Ux)=4.904e-01  residual(Uy)=4.904e-01  residual(p)=4.904e-01  residual(k)=4.904e-01  residual(omega)=4.904e-01
Time = 58  residual(Ux)=4.843e-01  residual(Uy)=4.843e-01  residual(p)=4.843e-01  residual(k)=4.843e-01  residual(omega)=4.843e-01
Time = 59  residual(Ux)=4.783e-01  residual(Uy)=4.783e-01  residual(p)=4.783e-01  residual(k)=4.783e-01  residual(omega)=4.783e-01
Time = 60  residual(Ux)=4.724e-01  residual(Uy)=4.724e-01  residual(p)=4.724e-01  residual(k)=4.724e-01  residual(omega)=4.724e-01
Time = 61  residual(Ux)=4.665e-01  residual(Uy)=4.665e-01  residual(p)=4.665e-01  residual(k)=4.665e-01  residual(omega)=4.665e-01
Time = 62  residual(Ux)=4.607e-01  residual(Uy)=4.607e-01  residual(p)=4.607e-01  residual(k)=4.607e-01  residual(omega)=4.607e-01
Time = 63  residual(Ux)=4.550e-01  residual(Uy)=4.550e-01  residual(p)=4.550e-01  residual(k)=4.550e-01  residual(omega)=4.550e-01
Time = 64  residual(Ux)=4.493e-01  residual(Uy)=4.493e-01  residual(p)=4.493e-01  residual(k)=4.493e-01  residual(omega)=4.493e-01
Time = 65  residual(Ux)=4.437e-01  residual(Uy)=4.437e-01  residual(p)=4.437e-01  residual(k)=4.437e-01  residual(omega)=4.437e-01
Time = 66  residual(Ux)=4.382e-01  residual(Uy)=4.382e-01  residual(p)=4.382e-01  residual(k)=4.382e-01  residual(omega)=4.382e-01
Time = 67  residual(Ux)=4.328e-01  residual(Uy)=4.328e-01  residual(p)=4.328e-01  residual(k)=4.328e-01  residual(omega)=4.328e-01
Time = 68  residual(Ux)=4.274e-01  residual(Uy)=4.274e-01  residual(p)=4.274e-01  residual(k)=4.274e-01  residual(omega)=4.274e-01
Time = 69  residual(Ux)=4.221e-01  residual(Uy)=4.221e-01  residual(p)=4.221e-01  residual(k)=4.221e-01  residual(omega)=4.221e-01
Time = 70  residual(Ux)=4.169e-01  residual(Uy)=4.169e-01  residual(p)=4.169e-01  residual(k)=4.169e-01  residual(omega)=4.169e-01
Time = 71  residual(Ux)=4.117e-01  residual(Uy)=4.117e-01  residual(p)=4.117e-01  residual(k)=4.117e-01  residual(omega)=4.117e-01
Time = 72  residual(Ux)=4.066e-01  residual(Uy)=4.066e-01  residual(p)=4.066e-01  residual(k)=4.066e-01  residual(omega)=4.066e-01
Time = 73  residual(Ux)=4.015e-01  residual(Uy)=4.015e-01  residual(p)=4.015e-01  residual(k)=4.015e-01  residual(omega)=4.015e-01
Time = 74  residual(Ux)=3.965e-01  residual(Uy)=3.965e-01  residual(p)=3.965e-01  residual(k)=3.965e-01  residual(omega)=3.965e-01
Time = 75  residual(Ux)=3.916e-01  residual(Uy)=3.916e-01  residual(p)=3.916e-01  residual(k)=3.916e-01  residual(omega)=3.916e-01
Time = 76  residual(Ux)=3.867e-01  residual(Uy)=3.867e-01  residual(p)=3.867e-01  residual(k)=3.867e-01  residual(omega)=3.867e-01
Time = 77  residual(Ux)=3.819e-01  residual(Uy)=3.819e-01  residual(p)=3.819e-01  residual(k)=3.819e-01  residual(omega)=3.819e-01
Time = 78  residual(Ux)=3.772e-01  residual(Uy)=3.772e-01  residual(p)=3.772e-01  residual(k)=3.772e-01  residual(omega)=3.772e-01
Time = 79  residual(Ux)=3.725e-01  residual(Uy)=3.725e-01  residual(p)=3.725e-01  residual(k)=3.725e-01  residual(omega)=3.725e-01
Time = 80  residual(Ux)=3.679e-01  residual(Uy)=3.679e-01  residual(p)=3.679e-01  residual(k)=3.679e-01  residual(omega)=3.679e-01
Time = 81  residual(Ux)=3.633e-01  residual(Uy)=3.633e-01  residual(p)=3.633e-01  residual(k)=3.633e-01  residual(omega)=3.633e-01
Time = 82  residual(Ux)=3.588e-01  residual(Uy)=3.588e-01  residual(p)=3.588e-01  residual(k)=3.588e-01  residual(omega)=3.588e-01
Time = 83  residual(Ux)=3.543e-01  residual(Uy)=3.543e-01  residual(p)=3.543e-01  residual(k)=3.543e-01  residual(omega)=3.543e-01
Time = 84  residual(Ux)=3.499e-01  residual(Uy)=3.499e-01  residual(p)=3.499e-01  residual(k)=3.499e-01  residual(omega)=3.499e-01
Time = 85  residual(Ux)=3.456e-01  residual(Uy)=3.456e-01  residual(p)=3.456e-01  residual(k)=3.456e-01  residual(omega)=3.456e-01
Time = 86  residual(Ux)=3.413e-01  residual(Uy)=3.413e-01  residual(p)=3.413e-01  residual(k)=3.413e-01  residual(omega)=3.413e-01
Time = 87  residual(Ux)=3.371e-01  residual(Uy)=3.371e-01  residual(p)=3.371e-01  residual(k)=3.371e-01  residual(omega)=3.371e-01
Time = 88  residual(Ux)=3.329e-01  residual(Uy)=3.329e-01  residual(p)=3.329e-01  residual(k)=3.329e-01  residual(omega)=3.329e-01
Time = 89  residual(Ux)=3.287e-01  residual(Uy)=3.287e-01  residual(p)=3.287e-01  residual(k)=3.287e-01  residual(omega)=3.287e-01
Time = 90  residual(Ux)=3.247e-01  residual(Uy)=3.247e-01  residual(p)=3.247e-01  residual(k)=3.247e-01  residual(omega)=3.247e-01
Time = 91  residual(Ux)=3.206e-01  residual(Uy)=3.206e-01  residual(p)=3.206e-01  residual(k)=3.206e-01  residual(omega)=3.206e-01
Time = 92  residual(Ux)=3.166e-01  residual(Uy)=3.166e-01  residual(p)=3.166e-01  residual(k)=3.166e-01  residual(omega)=3.166e-01
Time = 93  residual(Ux)=3.127e-01  residual(Uy)=3.127e-01  residual(p)=3.127e-01  residual(k)=3.127e-01  residual(omega)=3.127e-01
Time = 94  residual(Ux)=3.088e-01  residual(Uy)=3.088e-01  residual(p)=3.088e-01  residual(k)=3.088e-01  residual(omega)=3.088e-01
Time = 95  residual(Ux)=3.050e-01  residual(Uy)=3.050e-01  residual(p)=3.050e-01  residual(k)=3.050e-01  residual(omega)=3.050e-01
Time = 96  residual(Ux)=3.012e-01  residual(Uy)=3.012e-01  residual(p)=3.012e-01  residual(k)=3.012e-01  residual(omega)=3.012e-01
Time = 97  residual(Ux)=2.975e-01  residual(Uy)=2.975e-01  residual(p)=2.975e-01  residual(k)=2.975e-01  residual(omega)=2.975e-01
Time = 98  residual(Ux)=2.938e-01  residual(Uy)=2.938e-01  residual(p)=2.938e-01  residual(k)=2.938e-01  residual(omega)=2.938e-01
Time = 99  residual(Ux)=2.901e-01  residual(Uy)=2.901e-01  residual(p)=2.901e-01  residual(k)=2.901e-01  residual(omega)=2.901e-01
Time = 100  residual(Ux)=2.865e-01  residual(Uy)=2.865e-01  residual(p)=2.865e-01  residual(k)=2.865e-01  residual(omega)=2.865e-01
Time = 101  residual(Ux)=2.829e-01  residual(Uy)=2.829e-01  residual(p)=2.829e-01  residual(k)=2.829e-01  residual(omega)=2.829e-01
Time = 102  residual(Ux)=2.794e-01  residual(Uy)=2.794e-01  residual(p)=2.794e-01  residual(k)=2.794e-01  residual(omega)=2.794e-01
Time = 103  residual(Ux)=2.760e-01  residual(Uy)=2.760e-01  residual(p)=2.760e-01  residual(k)=2.760e-01  residual(omega)=2.760e-01
Time = 104  residual(Ux)=2.725e-01  residual(Uy)=2.725e-01  residual(p)=2.725e-01  residual(k)=2.725e-01  residual(omega)=2.725e-01
Time = 105  residual(Ux)=2.691e-01  residual(Uy)=2.691e-01  residual(p)=2.691e-01  residual(k)=2.691e-01  residual(omega)=2.691e-01
Time = 106  residual(Ux)=2.658e-01  residual(Uy)=2.658e-01  residual(p)=2.658e-01  residual(k)=2.658e-01  residual(omega)=2.658e-01
Time = 107  residual(Ux)=2.625e-01  residual(Uy)=2.625e-01  residual(p)=2.625e-01  residual(k)=2.625e-01  residual(omega)=2.625e-01
Time = 108  residual(Ux)=2.592e-01  residual(Uy)=2.592e-01  residual(p)=2.592e-01  residual(k)=2.592e-01  residual(omega)=2.592e-01
Time = 109  residual(Ux)=2.560e-01  residual(Uy)=2.560e-01  residual(p)=2.560e-01  residual(k)=2.560e-01  residual(omega)=2.560e-01
Time = 110  residual(Ux)=2.528e-01  residual(Uy)=2.528e-01  residual(p)=2.528e-01  residual(k)=2.528e-01  residual(omega)=2.528e-01
Time = 111  residual(Ux)=2.497e-01  residual(Uy)=2.497e-01  residual(p)=2.497e-01  residual(k)=2.497e-01  residual(omega)=2.497e-01
Time = 112  residual(Ux)=2.466e-01  residual(Uy)=2.466e-01  residual(p)=2.466e-01  residual(k)=2.466e-01  residual(omega)=2.466e-01
Time = 113  residual(Ux)=2.435e-01  residual(Uy)=2.435e-01  residual(p)=2.435e-01  residual(k)=2.435e-01  residual(omega)=2.435e-01
Time = 114  residual(Ux)=2.405e-01  residual(Uy)=2.405e-01  residual(p)=2.405e-01  residual(k)=2.405e-01  residual(omega)=2.405e-01
Time = 115  residual(Ux)=2.375e-01  residual(Uy)=2.375e-01  residual(p)=2.375e-01  residual(k)=2.375e-01  residual(omega)=2.375e-01
Time = 116  residual(Ux)=2.346e-01  residual(Uy)=2.346e-01  residual(p)=2.346e-01  residual(k)=2.346e-01  residual(omega)=2.346e-01
Time = 117  residual(Ux)=2.317e-01  residual(Uy)=2.317e-01  residual(p)=2.317e-01  residual(k)=2.317e-01  residual(omega)=2.317e-01
Time = 118  residual(Ux)=2.288e-01  residual(Uy)=2.288e-01  residual(p)=2.288e-01  residual(k)=2.288e-01  residual(omega)=2.288e-01
Time = 119  residual(Ux)=2.259e-01  residual(Uy)=2.259e-01  residual(p)=2.259e-01  residual(k)=2.259e-01  residual(omega)=2.259e-01
Time = 120  residual(Ux)=2.231e-01  residual(Uy)=2.231e-01  residual(p)=2.231e-01  residual(k)=2.231e-01  residual(omega)=2.231e-01
Time = 121  residual(Ux)=2.204e-01  residual(Uy)=2.204e-01  residual(p)=2.204e-01  residual(k)=2.204e-01  residual(omega)=2.204e-01
Time = 122  residual(Ux)=2.176e-01  residual(Uy)=2.176e-01  residual(p)=2.176e-01  residual(k)=2.176e-01  residual(omega)=2.176e-01
Time = 123  residual(Ux)=2.149e-01  residual(Uy)=2.149e-01  residual(p)=2.149e-01  residual(k)=2.149e-01  residual(omega)=2.149e-01
Time = 124  residual(Ux)=2.122e-01  residual(Uy)=2.122e-01  residual(p)=2.122e-01  residual(k)=2.122e-01  residual(omega)=2.122e-01
Time = 125  residual(Ux)=2.096e-01  residual(Uy)=2.096e-01  residual(p)=2.096e-01  residual(k)=2.096e-01  residual(omega)=2.096e-01
Time = 126  residual(Ux)=2.070e-01  residual(Uy)=2.070e-01  residual(p)=2.070e-01  residual(k)=2.070e-01  residual(omega)=2.070e-01
Time = 127  residual(Ux)=2.044e-01  residual(Uy)=2.044e-01  residual(p)=2.044e-01  residual(k)=2.044e-01  residual(omega)=2.044e-01
Time = 128  residual(Ux)=2.019e-01  residual(Uy)=2.019e-01  residual(p)=2.019e-01  residual(k)=2.019e-01  residual(omega)=2.019e-01
Time = 129  residual(Ux)=1.994e-01  residual(Uy)=1.994e-01  residual(p)=1.994e-01  residual(k)=1.994e-01  residual(omega)=1.994e-01
Time = 130  residual(Ux)=1.969e-01  residual(Uy)=1.969e-01  residual(p)=1.969e-01  residual(k)=1.969e-01  residual(omega)=1.969e-01
Time = 131  residual(Ux)=1.945e-01  residual(Uy)=1.945e-01  residual(p)=1.945e-01  residual(k)=1.945e-01  residual(omega)=1.945e-01
Time = 132  residual(Ux)=1.920e-01  residual(Uy)=1.920e-01  residual(p)=1.920e-01  residual(k)=1.920e-01  residual(omega)=1.920e-01
Time = 133  residual(Ux)=1.897e-01  residual(Uy)=1.897e-01  residual(p)=1.897e-01  residual(k)=1.897e-01  residual(omega)=1.897e-01
Time = 134  residual(Ux)=1.873e-01  residual(Uy)=1.873e-01  residual(p)=1.873e-01  residual(k)=1.873e-01  residual(omega)=1.873e-01
Time = 135  residual(Ux)=1.850e-01  residual(Uy)=1.850e-01  residual(p)=1.850e-01  residual(k)=1.850e-01  residual(omega)=1.850e-01
Time = 136  residual(Ux)=1.827e-01  residual(Uy)=1.827e-01  residual(p)=1.827e-01  residual(k)=1.827e-01  residual(omega)=1.827e-01
Time = 137  residual(Ux)=1.804e-01  residual(Uy)=1.804e-01  residual(p)=1.804e-01  residual(k)=1.804e-01  residual(omega)=1.804e-01
Time = 138  residual(Ux)=1.782e-01  residual(Uy)=1.782e-01  residual(p)=1.782e-01  residual(k)=1.782e-01  residual(omega)=1.782e-01
Time = 139  residual(Ux)=1.760e-01  residual(Uy)=1.760e-01  residual(p)=1.760e-01  residual(k)=1.760e-01  residual(omega)=1.760e-01
Time = 140  residual(Ux)=1.738e-01  residual(Uy)=1.738e-01  residual(p)=1.738e-01  residual(k)=1.738e-01  residual(omega)=1.738e-01
Time = 141  residual(Ux)=1.716e-01  residual(Uy)=1.716e-01  residual(p)=1.716e-01  residual(k)=1.716e-01  residual(omega)=1.716e-01
Time = 142  residual(Ux)=1.695e-01  residual(Uy)=1.695e-01  residual(p)=1.695e-01  residual(k)=1.695e-01  residual(omega)=1.695e-01
Time = 143  residual(Ux)=1.674e-01  residual(Uy)=1.674e-01  residual(p)=1.674e-01  residual(k)=1.674e-01  residual(omega)=1.674e-01
Time = 144  residual(Ux)=1.653e-01  residual(Uy)=1.653e-01  residual(p)=1.653e-01  residual(k)=1.653e-01  residual(omega)=1.653e-01
Time = 145  residual(Ux)=1.632e-01  residual(Uy)=1.632e-01  residual(p)=1.632e-01  residual(k)=1.632e-01  residual(omega)=1.632e-01
Time = 146  residual(Ux)=1.612e-01  residual(Uy)=1.612e-01  residual(p)=1.612e-01  residual(k)=1.612e-01  residual(omega)=1.612e-01
Time = 147  residual(Ux)=1.592e-01  residual(Uy)=1.592e-01  residual(p)=1.592e-01  residual(k)=1.592e-01  residual(omega)=1.592e-01
Time = 148  residual(Ux)=1.572e-01  residual(Uy)=1.572e-01  residual(p)=1.572e-01  residual(k)=1.572e-01  residual(omega)=1.572e-01
Time = 149  residual(Ux)=1.553e-01  residual(Uy)=1.553e-01  residual(p)=1.553e-01  residual(k)=1.553e-01  residual(omega)=1.553e-01
Time = 150  residual(Ux)=1.534e-01  residual(Uy)=1.534e-01  residual(p)=1.534e-01  residual(k)=1.534e-01  residual(omega)=1.534e-01
Time = 151  residual(Ux)=1.514e-01  residual(Uy)=1.514e-01  residual(p)=1.514e-01  residual(k)=1.514e-01  residual(omega)=1.514e-01
Time = 152  residual(Ux)=1.496e-01  residual(Uy)=1.496e-01  residual(p)=1.496e-01  residual(k)=1.496e-01  residual(omega)=1.496e-01
Time = 153  residual(Ux)=1.477e-01  residual(Uy)=1.477e-01  residual(p)=1.477e-01  residual(k)=1.477e-01  residual(omega)=1.477e-01
Time = 154  residual(Ux)=1.459e-01  residual(Uy)=1.459e-01  residual(p)=1.459e-01  residual(k)=1.459e-01  residual(omega)=1.459e-01
Time = 155  residual(Ux)=1.441e-01  residual(Uy)=1.441e-01  residual(p)=1.441e-01  residual(k)=1.441e-01  residual(omega)=1.441e-01
Time = 156  residual(Ux)=1.423e-01  residual(Uy)=1.423e-01  residual(p)=1.423e-01  residual(k)=1.423e-01  residual(omega)=1.423e-01
Time = 157  residual(Ux)=1.405e-01  residual(Uy)=1.405e-01  residual(p)=1.405e-01  residual(k)=1.405e-01  residual(omega)=1.405e-01
Time = 158  residual(Ux)=1.388e-01  residual(Uy)=1.388e-01  residual(p)=1.388e-01  residual(k)=1.388e-01  residual(omega)=1.388e-01
Time = 159  residual(Ux)=1.370e-01  residual(Uy)=1.370e-01  residual(p)=1.370e-01  residual(k)=1.370e-01  residual(omega)=1.370e-01
Time = 160  residual(Ux)=1.353e-01  residual(Uy)=1.353e-01  residual(p)=1.353e-01  residual(k)=1.353e-01  residual(omega)=1.353e-01
Time = 161  residual(Ux)=1.337e-01  residual(Uy)=1.337e-01  residual(p)=1.337e-01  residual(k)=1.337e-01  residual(omega)=1.337e-01
Time = 162  residual(Ux)=1.320e-01  residual(Uy)=1.320e-01  residual(p)=1.320e-01  residual(k)=1.320e-01  residual(omega)=1.320e-01
Time = 163  residual(Ux)=1.304e-01  residual(Uy)=1.304e-01  residual(p)=1.304e-01  residual(k)=1.304e-01  residual(omega)=1.304e-01
Time = 164  residual(Ux)=1.287e-01  residual(Uy)=1.287e-01  residual(p)=1.287e-01  residual(k)=1.287e-01  residual(omega)=1.287e-01
Time = 165  residual(Ux)=1.271e-01  residual(Uy)=1.271e-01  residual(p)=1.271e-01  residual(k)=1.271e-01  residual(omega)=1.271e-01
Time = 166  residual(Ux)=1.256e-01  residual(Uy)=1.256e-01  residual(p)=1.256e-01  residual(k)=1.256e-01  residual(omega)=1.256e-01
Time = 167  residual(Ux)=1.240e-01  residual(Uy)=1.240e-01  residual(p)=1.240e-01  residual(k)=1.240e-01  residual(omega)=1.240e-01
Time = 168  residual(Ux)=1.225e-01  residual(Uy)=1.225e-01  residual(p)=1.225e-01  residual(k)=1.225e-01  residual(omega)=1.225e-01
Time = 169  residual(Ux)=1.209e-01  residual(Uy)=1.209e-01  residual(p)=1.209e-01  residual(k)=1.209e-01  residual(omega)=1.209e-01
Time = 170  residual(Ux)=1.194e-01  residual(Uy)=1.194e-01  residual(p)=1.194e-01  residual(k)=1.194e-01  residual(omega)=1.194e-01
Time = 171  residual(Ux)=1.179e-01  residual(Uy)=1.179e-01  residual(p)=1.179e-01  residual(k)=1.179e-01  residual(omega)=1.179e-01
Time = 172  residual(Ux)=1.165e-01  residual(Uy)=1.165e-01  residual(p)=1.165e-01  residual(k)=1.165e-01  residual(omega)=1.165e-01
Time = 173  residual(Ux)=1.150e-01  residual(Uy)=1.150e-01  residual(p)=1.150e-01  residual(k)=1.150e-01  residual(omega)=1.150e-01
Time = 174  residual(Ux)=1.136e-01  residual(Uy)=1.136e-01  residual(p)=1.136e-01  residual(k)=1.136e-01  residual(omega)=1.136e-01
Time = 175  residual(Ux)=1.122e-01  residual(Uy)=1.122e-01  residual(p)=1.122e-01  residual(k)=1.122e-01  residual(omega)=1.122e-01
Time = 176  residual(Ux)=1.108e-01  residual(Uy)=1.108e-01  residual(p)=1.108e-01  residual(k)=1.108e-01  residual(omega)=1.108e-01
Time = 177  residual(Ux)=1.094e-01  residual(Uy)=1.094e-01  residual(p)=1.094e-01  residual(k)=1.094e-01  residual(omega)=1.094e-01
Time = 178  residual(Ux)=1.081e-01  residual(Uy)=1.081e-01  residual(p)=1.081e-01  residual(k)=1.081e-01  residual(omega)=1.081e-01
Time = 179  residual(Ux)=1.067e-01  residual(Uy)=1.067e-01  residual(p)=1.067e-01  residual(k)=1.067e-01  residual(omega)=1.067e-01
Time = 180  residual(Ux)=1.054e-01  residual(Uy)=1.054e-01  residual(p)=1.054e-01  residual(k)=1.054e-01  residual(omega)=1.054e-01
Time = 181  residual(Ux)=1.041e-01  residual(Uy)=1.041e-01  residual(p)=1.041e-01  residual(k)=1.041e-01  residual(omega)=1.041e-01
Time = 182  residual(Ux)=1.028e-01  residual(Uy)=1.028e-01  residual(p)=1.028e-01  residual(k)=1.028e-01  residual(omega)=1.028e-01
Time = 183  residual(Ux)=1.015e-01  residual(Uy)=1.015e-01  residual(p)=1.015e-01  residual(k)=1.015e-01  residual(omega)=1.015e-01
Time = 184  residual(Ux)=1.003e-01  residual(Uy)=1.003e-01  residual(p)=1.003e-01  residual(k)=1.003e-01  residual(omega)=1.003e-01
Time = 185  residual(Ux)=9.901e-02  residual(Uy)=9.901e-02  residual(p)=9.901e-02  residual(k)=9.901e-02  residual(omega)=9.901e-02
Time = 186  residual(Ux)=9.778e-02  residual(Uy)=9.778e-02  residual(p)=9.778e-02  residual(k)=9.778e-02  residual(omega)=9.778e-02
Time = 187  residual(Ux)=9.657e-02  residual(Uy)=9.657e-02  residual(p)=9.657e-02  residual(k)=9.657e-02  residual(omega)=9.657e-02
Time = 188  residual(Ux)=9.537e-02  residual(Uy)=9.537e-02  residual(p)=9.537e-02  residual(k)=9.537e-02  residual(omega)=9.537e-02
Time = 189  residual(Ux)=9.418e-02  residual(Uy)=9.418e-02  residual(p)=9.418e-02  residual(k)=9.418e-02  residual(omega)=9.418e-02
Time = 190  residual(Ux)=9.301e-02  residual(Uy)=9.301e-02  residual(p)=9.301e-02  residual(k)=9.301e-02  residual(omega)=9.301e-02
Time = 191  residual(Ux)=9.186e-02  residual(Uy)=9.186e-02  residual(p)=9.186e-02  residual(k)=9.186e-02  residual(omega)=9.186e-02
Time = 192  residual(Ux)=9.072e-02  residual(Uy)=9.072e-02  residual(p)=9.072e-02  residual(k)=9.072e-02  residual(omega)=9.072e-02
Time = 193  residual(Ux)=8.959e-02  residual(Uy)=8.959e-02  residual(p)=8.959e-02  residual(k)=8.959e-02  residual(omega)=8.959e-02
Time = 194  residual(Ux)=8.848e-02  residual(Uy)=8.848e-02  residual(p)=8.848e-02  residual(k)=8.848e-02  residual(omega)=8.848e-02
Time = 195  residual(Ux)=8.738e-02  residual(Uy)=8.738e-02  residual(p)=8.738e-02  residual(k)=8.738e-02  residual(omega)=8.738e-02
Time = 196  residual(Ux)=8.629e-02  residual(Uy)=8.629e-02  residual(p)=8.629e-02  residual(k)=8.629e-02  residual(omega)=8.629e-02
Time = 197  residual(Ux)=8.522e-02  residual(Uy)=8.522e-02  residual(p)=8.522e-02  residual(k)=8.522e-02  residual(omega)=8.522e-02
Time = 198  residual(Ux)=8.416e-02  residual(Uy)=8.416e-02  residual(p)=8.416e-02  residual(k)=8.416e-02  residual(omega)=8.416e-02
Time = 199  residual(Ux)=8.312e-02  residual(Uy)=8.312e-02  residual(p)=8.312e-02  residual(k)=8.312e-02  residual(omega)=8.312e-02
Time = 200  residual(Ux)=8.208e-02  residual(Uy)=8.208e-02  residual(p)=8.208e-02  residual(k)=8.208e-02  residual(omega)=8.208e-02
Time = 201  residual(Ux)=8.107e-02  residual(Uy)=8.107e-02  residual(p)=8.107e-02  residual(k)=8.107e-02  residual(omega)=8.107e-02
Time = 202  residual(Ux)=8.006e-02  residual(Uy)=8.006e-02  residual(p)=8.006e-02  residual(k)=8.006e-02  residual(omega)=8.006e-02
Time = 203  residual(Ux)=7.906e-02  residual(Uy)=7.906e-02  residual(p)=7.906e-02  residual(k)=7.906e-02  residual(omega)=7.906e-02
Time = 204  residual(Ux)=7.808e-02  residual(Uy)=7.808e-02  residual(p)=7.808e-02  residual(k)=7.808e-02  residual(omega)=7.808e-02
Time = 205  residual(Ux)=7.711e-02  residual(Uy)=7.711e-02  residual(p)=7.711e-02  residual(k)=7.711e-02  residual(omega)=7.711e-02
Time = 206  residual(Ux)=7.615e-02  residual(Uy)=7.615e-02  residual(p)=7.615e-02  residual(k)=7.615e-02  residual(omega)=7.615e-02
Time = 207  residual(Ux)=7.521e-02  residual(Uy)=7.521e-02  residual(p)=7.521e-02  residual(k)=7.521e-02  residual(omega)=7.521e-02
Time = 208  residual(Ux)=7.427e-02  residual(Uy)=7.427e-02  residual(p)=7.427e-02  residual(k)=7.427e-02  residual(omega)=7.427e-02
Time = 209  residual(Ux)=7.335e-02  residual(Uy)=7.335e-02  residual(p)=7.335e-02  residual(k)=7.335e-02  residual(omega)=7.335e-02
Time = 210  residual(Ux)=7.244e-02  residual(Uy)=7.244e-02  residual(p)=7.244e-02  residual(k)=7.244e-02  residual(omega)=7.244e-02
Time = 211  residual(Ux)=7.154e-02  residual(Uy)=7.154e-02  residual(p)=7.154e-02  residual(k)=7.154e-02  residual(omega)=7.154e-02
Time = 212  residual(Ux)=7.065e-02  residual(Uy)=7.065e-02  residual(p)=7.065e-02  residual(k)=7.065e-02  residual(omega)=7.065e-02
Time = 213  residual(Ux)=6.977e-02  residual(Uy)=6.977e-02  residual(p)=6.977e-02  residual(k)=6.977e-02  residual(omega)=6.977e-02
Time = 214  residual(Ux)=6.891e-02  residual(Uy)=6.891e-02  residual(p)=6.891e-02  residual(k)=6.891e-02  residual(omega)=6.891e-02
Time = 215  residual(Ux)=6.805e-02  residual(Uy)=6.805e-02  residual(p)=6.805e-02  residual(k)=6.805e-02  residual(omega)=6.805e-02
Time = 216  residual(Ux)=6.721e-02  residual(Uy)=6.721e-02  residual(p)=6.721e-02  residual(k)=6.721e-02  residual(omega)=6.721e-02
Time = 217  residual(Ux)=6.637e-02  residual(Uy)=6.637e-02  residual(p)=6.637e-02  residual(k)=6.637e-02  residual(omega)=6.637e-02
Time = 218  residual(Ux)=6.555e-02  residual(Uy)=6.555e-02  residual(p)=6.555e-02  residual(k)=6.555e-02  residual(omega)=6.555e-02
Time = 219  residual(Ux)=6.473e-02  residual(Uy)=6.473e-02  residual(p)=6.473e-02  residual(k)=6.473e-02  residual(omega)=6.473e-02
Time = 220  residual(Ux)=6.393e-02  residual(Uy)=6.393e-02  residual(p)=6.393e-02  residual(k)=6.393e-02  residual(omega)=6.393e-02
Time = 221  residual(Ux)=6.313e-02  residual(Uy)=6.313e-02  residual(p)=6.313e-02  residual(k)=6.313e-02  residual(omega)=6.313e-02
Time = 222  residual(Ux)=6.235e-02  residual(Uy)=6.235e-02  residual(p)=6.235e-02  residual(k)=6.235e-02  residual(omega)=6.235e-02
Time = 223  residual(Ux)=6.157e-02  residual(Uy)=6.157e-02  residual(p)=6.157e-02  residual(k)=6.157e-02  residual(omega)=6.157e-02
Time = 224  residual(Ux)=6.081e-02  residual(Uy)=6.081e-02  residual(p)=6.081e-02  residual(k)=6.081e-02  residual(omega)=6.081e-02
Time = 225  residual(Ux)=6.005e-02  residual(Uy)=6.005e-02  residual(p)=6.005e-02  residual(k)=6.005e-02  residual(omega)=6.005e-02
Time = 226  residual(Ux)=5.931e-02  residual(Uy)=5.931e-02  residual(p)=5.931e-02  residual(k)=5.931e-02  residual(omega)=5.931e-02
Time = 227  residual(Ux)=5.857e-02  residual(Uy)=5.857e-02  residual(p)=5.857e-02  residual(k)=5.857e-02  residual(omega)=5.857e-02
Time = 228  residual(Ux)=5.784e-02  residual(Uy)=5.784e-02  residual(p)=5.784e-02  residual(k)=5.784e-02  residual(omega)=5.784e-02
Time = 229  residual(Ux)=5.713e-02  residual(Uy)=5.713e-02  residual(p)=5.713e-02  residual(k)=5.713e-02  residual(omega)=5.713e-02
Time = 230  residual(Ux)=5.642e-02  residual(Uy)=5.642e-02  residual(p)=5.642e-02  residual(k)=5.642e-02  residual(omega)=5.642e-02
Time = 231  residual(Ux)=5.572e-02  residual(Uy)=5.572e-02  residual(p)=5.572e-02  residual(k)=5.572e-02  residual(omega)=5.572e-02
Time = 232  residual(Ux)=5.502e-02  residual(Uy)=5.502e-02  residual(p)=5.502e-02  residual(k)=5.502e-02  residual(omega)=5.502e-02
Time = 233  residual(Ux)=5.434e-02  residual(Uy)=5.434e-02  residual(p)=5.434e-02  residual(k)=5.434e-02  residual(omega)=5.434e-02
Time = 234  residual(Ux)=5.366e-02  residual(Uy)=5.366e-02  residual(p)=5.366e-02  residual(k)=5.366e-02  residual(omega)=5.366e-02
Time = 235  residual(Ux)=5.300e-02  residual(Uy)=5.300e-02  residual(p)=5.300e-02  residual(k)=5.300e-02  residual(omega)=5.300e-02
Time = 236  residual(Ux)=5.234e-02  residual(Uy)=5.234e-02  residual(p)=5.234e-02  residual(k)=5.234e-02  residual(omega)=5.234e-02
Time = 237  residual(Ux)=5.169e-02  residual(Uy)=5.169e-02  residual(p)=5.169e-02  residual(k)=5.169e-02  residual(omega)=5.169e-02
Time = 238  residual(Ux)=5.105e-02  residual(Uy)=5.105e-02  residual(p)=5.105e-02  residual(k)=5.105e-02  residual(omega)=5.105e-02
Time = 239  residual(Ux)=5.041e-02  residual(Uy)=5.041e-02  residual(p)=5.041e-02  residual(k)=5.041e-02  residual(omega)=5.041e-02
Time = 240  residual(Ux)=4.979e-02  residual(Uy)=4.979e-02  residual(p)=4.979e-02  residual(k)=4.979e-02  residual(omega)=4.979e-02
Time = 241  residual(Ux)=4.917e-02  residual(Uy)=4.917e-02  residual(p)=4.917e-02  residual(k)=4.917e-02  residual(omega)=4.917e-02
Time = 242  residual(Ux)=4.856e-02  residual(Uy)=4.856e-02  residual(p)=4.856e-02  residual(k)=4.856e-02  residual(omega)=4.856e-02
Time = 243  residual(Ux)=4.795e-02  residual(Uy)=4.795e-02  residual(p)=4.795e-02  residual(k)=4.795e-02  residual(omega)=4.795e-02
Time = 244  residual(Ux)=4.736e-02  residual(Uy)=4.736e-02  residual(p)=4.736e-02  residual(k)=4.736e-02  residual(omega)=4.736e-02
Time = 245  residual(Ux)=4.677e-02  residual(Uy)=4.677e-02  residual(p)=4.677e-02  residual(k)=4.677e-02  residual(omega)=4.677e-02
Time = 246  residual(Ux)=4.619e-02  residual(Uy)=4.619e-02  residual(p)=4.619e-02  residual(k)=4.619e-02  residual(omega)=4.619e-02
Time = 247  residual(Ux)=4.562e-02  residual(Uy)=4.562e-02  residual(p)=4.562e-02  residual(k)=4.562e-02  residual(omega)=4.562e-02
Time = 248  residual(Ux)=4.505e-02  residual(Uy)=4.505e-02  residual(p)=4.505e-02  residual(k)=4.505e-02  residual(omega)=4.505e-02
Time = 249  residual(Ux)=4.449e-02  residual(Uy)=4.449e-02  residual(p)=4.449e-02  residual(k)=4.449e-02  residual(omega)=4.449e-02
Time = 250  residual(Ux)=4.394e-02  residual(Uy)=4.394e-02  residual(p)=4.394e-02  residual(k)=4.394e-02  residual(omega)=4.394e-02
Time = 251  residual(Ux)=4.339e-02  residual(Uy)=4.339e-02  residual(p)=4.339e-02  residual(k)=4.339e-02  residual(omega)=4.339e-02
Time = 252  residual(Ux)=4.285e-02  residual(Uy)=4.285e-02  residual(p)=4.285e-02  residual(k)=4.285e-02  residual(omega)=4.285e-02
Time = 253  residual(Ux)=4.232e-02  residual(Uy)=4.232e-02  residual(p)=4.232e-02  residual(k)=4.232e-02  residual(omega)=4.232e-02
Time = 254  residual(Ux)=4.179e-02  residual(Uy)=4.179e-02  residual(p)=4.179e-02  residual(k)=4.179e-02  residual(omega)=4.179e-02
Time = 255  residual(Ux)=4.127e-02  residual(Uy)=4.127e-02  residual(p)=4.127e-02  residual(k)=4.127e-02  residual(omega)=4.127e-02
Time = 256  residual(Ux)=4.076e-02  residual(Uy)=4.076e-02  residual(p)=4.076e-02  residual(k)=4.076e-02  residual(omega)=4.076e-02
Time = 257  residual(Ux)=4.026e-02  residual(Uy)=4.026e-02  residual(p)=4.026e-02  residual(k)=4.026e-02  residual(omega)=4.026e-02
Time = 258  residual(Ux)=3.976e-02  residual(Uy)=3.976e-02  residual(p)=3.976e-02  residual(k)=3.976e-02  residual(omega)=3.976e-02
Time = 259  residual(Ux)=3.926e-02  residual(Uy)=3.926e-02  residual(p)=3.926e-02  residual(k)=3.926e-02  residual(omega)=3.926e-02
Time = 260  residual(Ux)=3.877e-02  residual(Uy)=3.877e-02  residual(p)=3.877e-02  residual(k)=3.877e-02  residual(omega)=3.877e-02
Time = 261  residual(Ux)=3.829e-02  residual(Uy)=3.829e-02  residual(p)=3.829e-02  residual(k)=3.829e-02  residual(omega)=3.829e-02
Time = 262  residual(Ux)=3.782e-02  residual(Uy)=3.782e-02  residual(p)=3.782e-02  residual(k)=3.782e-02  residual(omega)=3.782e-02
Time = 263  residual(Ux)=3.735e-02  residual(Uy)=3.735e-02  residual(p)=3.735e-02  residual(k)=3.735e-02  residual(omega)=3.735e-02
Time = 264  residual(Ux)=3.688e-02  residual(Uy)=3.688e-02  residual(p)=3.688e-02  residual(k)=3.688e-02  residual(omega)=3.688e-02
Time = 265  residual(Ux)=3.642e-02  residual(Uy)=3.642e-02  residual(p)=3.642e-02  residual(k)=3.642e-02  residual(omega)=3.642e-02
Time = 266  residual(Ux)=3.597e-02  residual(Uy)=3.597e-02  residual(p)=3.597e-02  residual(k)=3.597e-02  residual(omega)=3.597e-02
Time = 267  residual(Ux)=3.553e-02  residual(Uy)=3.553e-02  residual(p)=3.553e-02  residual(k)=3.553e-02  residual(omega)=3.553e-02
Time = 268  residual(Ux)=3.508e-02  residual(Uy)=3.508e-02  residual(p)=3.508e-02  residual(k)=3.508e-02  residual(omega)=3.508e-02
Time = 269  residual(Ux)=3.465e-02  residual(Uy)=3.465e-02  residual(p)=3.465e-02  residual(k)=3.465e-02  residual(omega)=3.465e-02
Time = 270  residual(Ux)=3.422e-02  residual(Uy)=3.422e-02  residual(p)=3.422e-02  residual(k)=3.422e-02  residual(omega)=3.422e-02
Time = 271  residual(Ux)=3.379e-02  residual(Uy)=3.379e-02  residual(p)=3.379e-02  residual(k)=3.379e-02  residual(omega)=3.379e-02
Time = 272  residual(Ux)=3.337e-02  residual(Uy)=3.337e-02  residual(p)=3.337e-02  residual(k)=3.337e-02  residual(omega)=3.337e-02
Time = 273  residual(Ux)=3.296e-02  residual(Uy)=3.296e-02  residual(p)=3.296e-02  residual(k)=3.296e-02  residual(omega)=3.296e-02
Time = 274  residual(Ux)=3.255e-02  residual(Uy)=3.255e-02  residual(p)=3.255e-02  residual(k)=3.255e-02  residual(omega)=3.255e-02
Time = 275  residual(Ux)=3.214e-02  residual(Uy)=3.214e-02  residual(p)=3.214e-02  residual(k)=3.214e-02  residual(omega)=3.214e-02
Time = 276  residual(Ux)=3.175e-02  residual(Uy)=3.175e-02  residual(p)=3.175e-02  residual(k)=3.175e-02  residual(omega)=3.175e-02
Time = 277  residual(Ux)=3.135e-02  residual(Uy)=3.135e-02  residual(p)=3.135e-02  residual(k)=3.135e-02  residual(omega)=3.135e-02
Time = 278  residual(Ux)=3.096e-02  residual(Uy)=3.096e-02  residual(p)=3.096e-02  residual(k)=3.096e-02  residual(omega)=3.096e-02
Time = 279  residual(Ux)=3.058e-02  residual(Uy)=3.058e-02  residual(p)=3.058e-02  residual(k)=3.058e-02  residual(omega)=3.058e-02
Time = 280  residual(Ux)=3.020e-02  residual(Uy)=3.020e-02  residual(p)=3.020e-02  residual(k)=3.020e-02  residual(omega)=3.020e-02
Time = 281  residual(Ux)=2.982e-02  residual(Uy)=2.982e-02  residual(p)=2.982e-02  residual(k)=2.982e-02  residual(omega)=2.982e-02
Time = 282  residual(Ux)=2.945e-02  residual(Uy)=2.945e-02  residual(p)=2.945e-02  residual(k)=2.945e-02  residual(omega)=2.945e-02
Time = 283  residual(Ux)=2.909e-02  residual(Uy)=2.909e-02  residual(p)=2.909e-02  residual(k)=2.909e-02  residual(omega)=2.909e-02
Time = 284  residual(Ux)=2.872e-02  residual(Uy)=2.872e-02  residual(p)=2.872e-02  residual(k)=2.872e-02  residual(omega)=2.872e-02
Time = 285  residual(Ux)=2.837e-02  residual(Uy)=2.837e-02  residual(p)=2.837e-02  residual(k)=2.837e-02  residual(omega)=2.837e-02
Time = 286  residual(Ux)=2.802e-02  residual(Uy)=2.802e-02  residual(p)=2.802e-02  residual(k)=2.802e-02  residual(omega)=2.802e-02
Time = 287  residual(Ux)=2.767e-02  residual(Uy)=2.767e-02  residual(p)=2.767e-02  residual(k)=2.767e-02  residual(omega)=2.767e-02
Time = 288  residual(Ux)=2.732e-02  residual(Uy)=2.732e-02  residual(p)=2.732e-02  residual(k)=2.732e-02  residual(omega)=2.732e-02
Time = 289  residual(Ux)=2.698e-02  residual(Uy)=2.698e-02  residual(p)=2.698e-02  residual(k)=2.698e-02  residual(omega)=2.698e-02
Time = 290  residual(Ux)=2.665e-02  residual(Uy)=2.665e-02  residual(p)=2.665e-02  residual(k)=2.665e-02  residual(omega)=2.665e-02
Time = 291  residual(Ux)=2.632e-02  residual(Uy)=2.632e-02  residual(p)=2.632e-02  residual(k)=2.632e-02  residual(omega)=2.632e-02
Time = 292  residual(Ux)=2.599e-02  residual(Uy)=2.599e-02  residual(p)=2.599e-02  residual(k)=2.599e-02  residual(omega)=2.599e-02
Time = 293  residual(Ux)=2.567e-02  residual(Uy)=2.567e-02  residual(p)=2.567e-02  residual(k)=2.567e-02  residual(omega)=2.567e-02
Time = 294  residual(Ux)=2.535e-02  residual(Uy)=2.535e-02  residual(p)=2.535e-02  residual(k)=2.535e-02  residual(omega)=2.535e-02
Time = 295  residual(Ux)=2.503e-02  residual(Uy)=2.503e-02  residual(p)=2.503e-02  residual(k)=2.503e-02  residual(omega)=2.503e-02
Time = 296  residual(Ux)=2.472e-02  residual(Uy)=2.472e-02  residual(p)=2.472e-02  residual(k)=2.472e-02  residual(omega)=2.472e-02
Time = 297  residual(Ux)=2.442e-02  residual(Uy)=2.442e-02  residual(p)=2.442e-02  residual(k)=2.442e-02  residual(omega)=2.442e-02
Time = 298  residual(Ux)=2.411e-02  residual(Uy)=2.411e-02  residual(p)=2.411e-02  residual(k)=2.411e-02  residual(omega)=2.411e-02
Time = 299  residual(Ux)=2.381e-02  residual(Uy)=2.381e-02  residual(p)=2.381e-02  residual(k)=2.381e-02  residual(omega)=2.381e-02
Time = 300  residual(Ux)=2.352e-02  residual(Uy)=2.352e-02  residual(p)=2.352e-02  residual(k)=2.352e-02  residual(omega)=2.352e-02
Time = 301  residual(Ux)=2.323e-02  residual(Uy)=2.323e-02  residual(p)=2.323e-02  residual(k)=2.323e-02  residual(omega)=2.323e-02
Time = 302  residual(Ux)=2.294e-02  residual(Uy)=2.294e-02  residual(p)=2.294e-02  residual(k)=2.294e-02  residual(omega)=2.294e-02
Time = 303  residual(Ux)=2.265e-02  residual(Uy)=2.265e-02  residual(p)=2.265e-02  residual(k)=2.265e-02  residual(omega)=2.265e-02
Time = 304  residual(Ux)=2.237e-02  residual(Uy)=2.237e-02  residual(p)=2.237e-02  residual(k)=2.237e-02  residual(omega)=2.237e-02
Time = 305  residual(Ux)=2.209e-02  residual(Uy)=2.209e-02  residual(p)=2.209e-02  residual(k)=2.209e-02  residual(omega)=2.209e-02
Time = 306  residual(Ux)=2.182e-02  residual(Uy)=2.182e-02  residual(p)=2.182e-02  residual(k)=2.182e-02  residual(omega)=2.182e-02
Time = 307  residual(Ux)=2.155e-02  residual(Uy)=2.155e-02  residual(p)=2.155e-02  residual(k)=2.155e-02  residual(omega)=2.155e-02
Time = 308  residual(Ux)=2.128e-02  residual(Uy)=2.128e-02  residual(p)=2.128e-02  residual(k)=2.128e-02  residual(omega)=2.128e-02
Time = 309  residual(Ux)=2.102e-02  residual(Uy)=2.102e-02  residual(p)=2.102e-02  residual(k)=2.102e-02  residual(omega)=2.102e-02
Time = 310  residual(Ux)=2.075e-02  residual(Uy)=2.075e-02  residual(p)=2.075e-02  residual(k)=2.075e-02  residual(omega)=2.075e-02
Time = 311  residual(Ux)=2.050e-02  residual(Uy)=2.050e-02  residual(p)=2.050e-02  residual(k)=2.050e-02  residual(omega)=2.050e-02
Time = 312  residual(Ux)=2.024e-02  residual(Uy)=2.024e-02  residual(p)=2.024e-02  residual(k)=2.024e-02  residual(omega)=2.024e-02
Time = 313  residual(Ux)=1.999e-02  residual(Uy)=1.999e-02  residual(p)=1.999e-02  residual(k)=1.999e-02  residual(omega)=1.999e-02
Time = 314  residual(Ux)=1.974e-02  residual(Uy)=1.974e-02  residual(p)=1.974e-02  residual(k)=1.974e-02  residual(omega)=1.974e-02
Time = 315  residual(Ux)=1.950e-02  residual(Uy)=1.950e-02  residual(p)=1.950e-02  residual(k)=1.950e-02  residual(omega)=1.950e-02
Time = 316  residual(Ux)=1.925e-02  residual(Uy)=1.925e-02  residual(p)=1.925e-02  residual(k)=1.925e-02  residual(omega)=1.925e-02
Time = 317  residual(Ux)=1.902e-02  residual(Uy)=1.902e-02  residual(p)=1.902e-02  residual(k)=1.902e-02  residual(omega)=1.902e-02
Time = 318  residual(Ux)=1.878e-02  residual(Uy)=1.878e-02  residual(p)=1.878e-02  residual(k)=1.878e-02  residual(omega)=1.878e-02
Time = 319  residual(Ux)=1.855e-02  residual(Uy)=1.855e-02  residual(p)=1.855e-02  residual(k)=1.855e-02  residual(omega)=1.855e-02
Time = 320  residual(Ux)=1.832e-02  residual(Uy)=1.832e-02  residual(p)=1.832e-02  residual(k)=1.832e-02  residual(omega)=1.832e-02
Time = 321  residual(Ux)=1.809e-02  residual(Uy)=1.809e-02  residual(p)=1.809e-02  residual(k)=1.809e-02  residual(omega)=1.809e-02
Time = 322  residual(Ux)=1.786e-02  residual(Uy)=1.786e-02  residual(p)=1.786e-02  residual(k)=1.786e-02  residual(omega)=1.786e-02
Time = 323  residual(Ux)=1.764e-02  residual(Uy)=1.764e-02  residual(p)=1.764e-02  residual(k)=1.764e-02  residual(omega)=1.764e-02
Time = 324  residual(Ux)=1.742e-02  residual(Uy)=1.742e-02  residual(p)=1.742e-02  residual(k)=1.742e-02  residual(omega)=1.742e-02
Time = 325  residual(Ux)=1.721e-02  residual(Uy)=1.721e-02  residual(p)=1.721e-02  residual(k)=1.721e-02  residual(omega)=1.721e-02
Time = 326  residual(Ux)=1.699e-02  residual(Uy)=1.699e-02  residual(p)=1.699e-02  residual(k)=1.699e-02  residual(omega)=1.699e-02
Time = 327  residual(Ux)=1.678e-02  residual(Uy)=1.678e-02  residual(p)=1.678e-02  residual(k)=1.678e-02  residual(omega)=1.678e-02
Time = 328  residual(Ux)=1.657e-02  residual(Uy)=1.657e-02  residual(p)=1.657e-02  residual(k)=1.657e-02  residual(omega)=1.657e-02
Time = 329  residual(Ux)=1.637e-02  residual(Uy)=1.637e-02  residual(p)=1.637e-02  residual(k)=1.637e-02  residual(omega)=1.637e-02
Time = 330  residual(Ux)=1.616e-02  residual(Uy)=1.616e-02  residual(p)=1.616e-02  residual(k)=1.616e-02  residual(omega)=1.616e-02
Time = 331  residual(Ux)=1.596e-02  residual(Uy)=1.596e-02  residual(p)=1.596e-02  residual(k)=1.596e-02  residual(omega)=1.596e-02
Time = 332  residual(Ux)=1.576e-02  residual(Uy)=1.576e-02  residual(p)=1.576e-02  residual(k)=1.576e-02  residual(omega)=1.576e-02
Time = 333  residual(Ux)=1.557e-02  residual(Uy)=1.557e-02  residual(p)=1.557e-02  residual(k)=1.557e-02  residual(omega)=1.557e-02
Time = 334  residual(Ux)=1.538e-02  residual(Uy)=1.538e-02  residual(p)=1.538e-02  residual(k)=1.538e-02  residual(omega)=1.538e-02
Time = 335  residual(Ux)=1.518e-02  residual(Uy)=1.518e-02  residual(p)=1.518e-02  residual(k)=1.518e-02  residual(omega)=1.518e-02
Time = 336  residual(Ux)=1.500e-02  residual(Uy)=1.500e-02  residual(p)=1.500e-02  residual(k)=1.500e-02  residual(omega)=1.500e-02
Time = 337  residual(Ux)=1.481e-02  residual(Uy)=1.481e-02  residual(p)=1.481e-02  residual(k)=1.481e-02  residual(omega)=1.481e-02
Time = 338  residual(Ux)=1.463e-02  residual(Uy)=1.463e-02  residual(p)=1.463e-02  residual(k)=1.463e-02  residual(omega)=1.463e-02
Time = 339  residual(Ux)=1.444e-02  residual(Uy)=1.444e-02  residual(p)=1.444e-02  residual(k)=1.444e-02  residual(omega)=1.444e-02
Time = 340  residual(Ux)=1.426e-02  residual(Uy)=1.426e-02  residual(p)=1.426e-02  residual(k)=1.426e-02  residual(omega)=1.426e-02
Time = 341  residual(Ux)=1.409e-02  residual(Uy)=1.409e-02  residual(p)=1.409e-02  residual(k)=1.409e-02  residual(omega)=1.409e-02
Time = 342  residual(Ux)=1.391e-02  residual(Uy)=1.391e-02  residual(p)=1.391e-02  residual(k)=1.391e-02  residual(omega)=1.391e-02
Time = 343  residual(Ux)=1.374e-02  residual(Uy)=1.374e-02  residual(p)=1.374e-02  residual(k)=1.374e-02  residual(omega)=1.374e-02
Time = 344  residual(Ux)=1.357e-02  residual(Uy)=1.357e-02  residual(p)=1.357e-02  residual(k)=1.357e-02  residual(omega)=1.357e-02
Time = 345  residual(Ux)=1.340e-02  residual(Uy)=1.340e-02  residual(p)=1.340e-02  residual(k)=1.340e-02  residual(omega)=1.340e-02
Time = 346  residual(Ux)=1.323e-02  residual(Uy)=1.323e-02  residual(p)=1.323e-02  residual(k)=1.323e-02  residual(omega)=1.323e-02
Time = 347  residual(Ux)=1.307e-02  residual(Uy)=1.307e-02  residual(p)=1.307e-02  residual(k)=1.307e-02  residual(omega)=1.307e-02
Time = 348  residual(Ux)=1.291e-02  residual(Uy)=1.291e-02  residual(p)=1.291e-02  residual(k)=1.291e-02  residual(omega)=1.291e-02
Time = 349  residual(Ux)=1.275e-02  residual(Uy)=1.275e-02  residual(p)=1.275e-02  residual(k)=1.275e-02  residual(omega)=1.275e-02
Time = 350  residual(Ux)=1.259e-02  residual(Uy)=1.259e-02  residual(p)=1.259e-02  residual(k)=1.259e-02  residual(omega)=1.259e-02
Time = 351  residual(Ux)=1.243e-02  residual(Uy)=1.243e-02  residual(p)=1.243e-02  residual(k)=1.243e-02  residual(omega)=1.243e-02
Time = 352  residual(Ux)=1.228e-02  residual(Uy)=1.228e-02  residual(p)=1.228e-02  residual(k)=1.228e-02  residual(omega)=1.228e-02
Time = 353  residual(Ux)=1.212e-02  residual(Uy)=1.212e-02  residual(p)=1.212e-02  residual(k)=1.212e-02  residual(omega)=1.212e-02
Time = 354  residual(Ux)=1.197e-02  residual(Uy)=1.197e-02  residual(p)=1.197e-02  residual(k)=1.197e-02  residual(omega)=1.197e-02
Time = 355  residual(Ux)=1.183e-02  residual(Uy)=1.183e-02  residual(p)=1.183e-02  residual(k)=1.183e-02  residual(omega)=1.183e-02
Time = 356  residual(Ux)=1.168e-02  residual(Uy)=1.168e-02  residual(p)=1.168e-02  residual(k)=1.168e-02  residual(omega)=1.168e-02
Time = 357  residual(Ux)=1.153e-02  residual(Uy)=1.153e-02  residual(p)=1.153e-02  residual(k)=1.153e-02  residual(omega)=1.153e-02
Time = 358  residual(Ux)=1.139e-02  residual(Uy)=1.139e-02  residual(p)=1.139e-02  residual(k)=1.139e-02  residual(omega)=1.139e-02
Time = 359  residual(Ux)=1.125e-02  residual(Uy)=1.125e-02  residual(p)=1.125e-02  residual(k)=1.125e-02  residual(omega)=1.125e-02
Time = 360  residual(Ux)=1.111e-02  residual(Uy)=1.111e-02  residual(p)=1.111e-02  residual(k)=1.111e-02  residual(omega)=1.111e-02
Time = 361  residual(Ux)=1.097e-02  residual(Uy)=1.097e-02  residual(p)=1.097e-02  residual(k)=1.097e-02  residual(omega)=1.097e-02
Time = 362  residual(Ux)=1.083e-02  residual(Uy)=1.083e-02  residual(p)=1.083e-02  residual(k)=1.083e-02  residual(omega)=1.083e-02
Time = 363  residual(Ux)=1.070e-02  residual(Uy)=1.070e-02  residual(p)=1.070e-02  residual(k)=1.070e-02  residual(omega)=1.070e-02
Time = 364  residual(Ux)=1.057e-02  residual(Uy)=1.057e-02  residual(p)=1.057e-02  residual(k)=1.057e-02  residual(omega)=1.057e-02
Time = 365  residual(Ux)=1.044e-02  residual(Uy)=1.044e-02  residual(p)=1.044e-02  residual(k)=1.044e-02  residual(omega)=1.044e-02
Time = 366  residual(Ux)=1.031e-02  residual(Uy)=1.031e-02  residual(p)=1.031e-02  residual(k)=1.031e-02  residual(omega)=1.031e-02
Time = 367  residual(Ux)=1.018e-02  residual(Uy)=1.018e-02  residual(p)=1.018e-02  residual(k)=1.018e-02  residual(omega)=1.018e-02
Time = 368  residual(Ux)=1.005e-02  residual(Uy)=1.005e-02  residual(p)=1.005e-02  residual(k)=1.005e-02  residual(omega)=1.005e-02
Time = 369  residual(Ux)=9.927e-03  residual(Uy)=9.927e-03  residual(p)=9.927e-03  residual(k)=9.927e-03  residual(omega)=9.927e-03
Time = 370  residual(Ux)=9.804e-03  residual(Uy)=9.804e-03  residual(p)=9.804e-03  residual(k)=9.804e-03  residual(omega)=9.804e-03
Time = 371  residual(Ux)=9.682e-03  residual(Uy)=9.682e-03  residual(p)=9.682e-03  residual(k)=9.682e-03  residual(omega)=9.682e-03
Time = 372  residual(Ux)=9.562e-03  residual(Uy)=9.562e-03  residual(p)=9.562e-03  residual(k)=9.562e-03  residual(omega)=9.562e-03
Time = 373  residual(Ux)=9.443e-03  residual(Uy)=9.443e-03  residual(p)=9.443e-03  residual(k)=9.443e-03  residual(omega)=9.443e-03
Time = 374  residual(Ux)=9.326e-03  residual(Uy)=9.326e-03  residual(p)=9.326e-03  residual(k)=9.326e-03  residual(omega)=9.326e-03
Time = 375  residual(Ux)=9.210e-03  residual(Uy)=9.210e-03  residual(p)=9.210e-03  residual(k)=9.210e-03  residual(omega)=9.210e-03
Time = 376  residual(Ux)=9.095e-03  residual(Uy)=9.095e-03  residual(p)=9.095e-03  residual(k)=9.095e-03  residual(omega)=9.095e-03
Time = 377  residual(Ux)=8.982e-03  residual(Uy)=8.982e-03  residual(p)=8.982e-03  residual(k)=8.982e-03  residual(omega)=8.982e-03
Time = 378  residual(Ux)=8.871e-03  residual(Uy)=8.871e-03  residual(p)=8.871e-03  residual(k)=8.871e-03  residual(omega)=8.871e-03
Time = 379  residual(Ux)=8.761e-03  residual(Uy)=8.761e-03  residual(p)=8.761e-03  residual(k)=8.761e-03  residual(omega)=8.761e-03
Time = 380  residual(Ux)=8.652e-03  residual(Uy)=8.652e-03  residual(p)=8.652e-03  residual(k)=8.652e-03  residual(omega)=8.652e-03
Time = 381  residual(Ux)=8.544e-03  residual(Uy)=8.544e-03  residual(p)=8.544e-03  residual(k)=8.544e-03  residual(omega)=8.544e-03
Time = 382  residual(Ux)=8.438e-03  residual(Uy)=8.438e-03  residual(p)=8.438e-03  residual(k)=8.438e-03  residual(omega)=8.438e-03
Time = 383  residual(Ux)=8.333e-03  residual(Uy)=8.333e-03  residual(p)=8.333e-03  residual(k)=8.333e-03  residual(omega)=8.333e-03
Time = 384  residual(Ux)=8.230e-03  residual(Uy)=8.230e-03  residual(p)=8.230e-03  residual(k)=8.230e-03  residual(omega)=8.230e-03
Time = 385  residual(Ux)=8.128e-03  residual(Uy)=8.128e-03  residual(p)=8.128e-03  residual(k)=8.128e-03  residual(omega)=8.128e-03
Time = 386  residual(Ux)=8.027e-03  residual(Uy)=8.027e-03  residual(p)=8.027e-03  residual(k)=8.027e-03  residual(omega)=8.027e-03
Time = 387  residual(Ux)=7.927e-03  residual(Uy)=7.927e-03  residual(p)=7.927e-03  residual(k)=7.927e-03  residual(omega)=7.927e-03
Time = 388  residual(Ux)=7.828e-03  residual(Uy)=7.828e-03  residual(p)=7.828e-03  residual(k)=7.828e-03  residual(omega)=7.828e-03
Time = 389  residual(Ux)=7.731e-03  residual(Uy)=7.731e-03  residual(p)=7.731e-03  residual(k)=7.731e-03  residual(omega)=7.731e-03
Time = 390  residual(Ux)=7.635e-03  residual(Uy)=7.635e-03  residual(p)=7.635e-03  residual(k)=7.635e-03  residual(omega)=7.635e-03
Time = 391  residual(Ux)=7.540e-03  residual(Uy)=7.540e-03  residual(p)=7.540e-03  residual(k)=7.540e-03  residual(omega)=7.540e-03
Time = 392  residual(Ux)=7.447e-03  residual(Uy)=7.447e-03  residual(p)=7.447e-03  residual(k)=7.447e-03  residual(omega)=7.447e-03
Time = 393  residual(Ux)=7.354e-03  residual(Uy)=7.354e-03  residual(p)=7.354e-03  residual(k)=7.354e-03  residual(omega)=7.354e-03
Time = 394  residual(Ux)=7.263e-03  residual(Uy)=7.263e-03  residual(p)=7.263e-03  residual(k)=7.263e-03  residual(omega)=7.263e-03
Time = 395  residual(Ux)=7.173e-03  residual(Uy)=7.173e-03  residual(p)=7.173e-03  residual(k)=7.173e-03  residual(omega)=7.173e-03
Time = 396  residual(Ux)=7.083e-03  residual(Uy)=7.083e-03  residual(p)=7.083e-03  residual(k)=7.083e-03  residual(omega)=7.083e-03
Time = 397  residual(Ux)=6.995e-03  residual(Uy)=6.995e-03  residual(p)=6.995e-03  residual(k)=6.995e-03  residual(omega)=6.995e-03
Time = 398  residual(Ux)=6.909e-03  residual(Uy)=6.909e-03  residual(p)=6.909e-03  residual(k)=6.909e-03  residual(omega)=6.909e-03
Time = 399  residual(Ux)=6.823e-03  residual(Uy)=6.823e-03  residual(p)=6.823e-03  residual(k)=6.823e-03  residual(omega)=6.823e-03
Time = 400  residual(Ux)=6.738e-03  residual(Uy)=6.738e-03  residual(p)=6.738e-03  residual(k)=6.738e-03  residual(omega)=6.738e-03
Time = 401  residual(Ux)=6.654e-03  residual(Uy)=6.654e-03  residual(p)=6.654e-03  residual(k)=6.654e-03  residual(omega)=6.654e-03
Time = 402  residual(Ux)=6.572e-03  residual(Uy)=6.572e-03  residual(p)=6.572e-03  residual(k)=6.572e-03  residual(omega)=6.572e-03
Time = 403  residual(Ux)=6.490e-03  residual(Uy)=6.490e-03  residual(p)=6.490e-03  residual(k)=6.490e-03  residual(omega)=6.490e-03
Time = 404  residual(Ux)=6.409e-03  residual(Uy)=6.409e-03  residual(p)=6.409e-03  residual(k)=6.409e-03  residual(omega)=6.409e-03
Time = 405  residual(Ux)=6.330e-03  residual(Uy)=6.330e-03  residual(p)=6.330e-03  residual(k)=6.330e-03  residual(omega)=6.330e-03
Time = 406  residual(Ux)=6.251e-03  residual(Uy)=6.251e-03  residual(p)=6.251e-03  residual(k)=6.251e-03  residual(omega)=6.251e-03
Time = 407  residual(Ux)=6.173e-03  residual(Uy)=6.173e-03  residual(p)=6.173e-03  residual(k)=6.173e-03  residual(omega)=6.173e-03
Time = 408  residual(Ux)=6.097e-03  residual(Uy)=6.097e-03  residual(p)=6.097e-03  residual(k)=6.097e-03  residual(omega)=6.097e-03
Time = 409  residual(Ux)=6.021e-03  residual(Uy)=6.021e-03  residual(p)=6.021e-03  residual(k)=6.021e-03  residual(omega)=6.021e-03
Time = 410  residual(Ux)=5.946e-03  residual(Uy)=5.946e-03  residual(p)=5.946e-03  residual(k)=5.946e-03  residual(omega)=5.946e-03
Time = 411  residual(Ux)=5.872e-03  residual(Uy)=5.872e-03  residual(p)=5.872e-03  residual(k)=5.872e-03  residual(omega)=5.872e-03
Time = 412  residual(Ux)=5.799e-03  residual(Uy)=5.799e-03  residual(p)=5.799e-03  residual(k)=5.799e-03  residual(omega)=5.799e-03
Time = 413  residual(Ux)=5.727e-03  residual(Uy)=5.727e-03  residual(p)=5.727e-03  residual(k)=5.727e-03  residual(omega)=5.727e-03
Time = 414  residual(Ux)=5.656e-03  residual(Uy)=5.656e-03  residual(p)=5.656e-03  residual(k)=5.656e-03  residual(omega)=5.656e-03
Time = 415  residual(Ux)=5.586e-03  residual(Uy)=5.586e-03  residual(p)=5.586e-03  residual(k)=5.586e-03  residual(omega)=5.586e-03
Time = 416  residual(Ux)=5.517e-03  residual(Uy)=5.517e-03  residual(p)=5.517e-03  residual(k)=5.517e-03  residual(omega)=5.517e-03
Time = 417  residual(Ux)=5.448e-03  residual(Uy)=5.448e-03  residual(p)=5.448e-03  residual(k)=5.448e-03  residual(omega)=5.448e-03
Time = 418  residual(Ux)=5.380e-03  residual(Uy)=5.380e-03  residual(p)=5.380e-03  residual(k)=5.380e-03  residual(omega)=5.380e-03
Time = 419  residual(Ux)=5.314e-03  residual(Uy)=5.314e-03  residual(p)=5.314e-03  residual(k)=5.314e-03  residual(omega)=5.314e-03
Time = 420  residual(Ux)=5.248e-03  residual(Uy)=5.248e-03  residual(p)=5.248e-03  residual(k)=5.248e-03  residual(omega)=5.248e-03
Time = 421  residual(Ux)=5.182e-03  residual(Uy)=5.182e-03  residual(p)=5.182e-03  residual(k)=5.182e-03  residual(omega)=5.182e-03
Time = 422  residual(Ux)=5.118e-03  residual(Uy)=5.118e-03  residual(p)=5.118e-03  residual(k)=5.118e-03  residual(omega)=5.118e-03
Time = 423  residual(Ux)=5.054e-03  residual(Uy)=5.054e-03  residual(p)=5.054e-03  residual(k)=5.054e-03  residual(omega)=5.054e-03
Time = 424  residual(Ux)=4.992e-03  residual(Uy)=4.992e-03  residual(p)=4.992e-03  residual(k)=4.992e-03  residual(omega)=4.992e-03
Time = 425  residual(Ux)=4.930e-03  residual(Uy)=4.930e-03  residual(p)=4.930e-03  residual(k)=4.930e-03  residual(omega)=4.930e-03
Time = 426  residual(Ux)=4.868e-03  residual(Uy)=4.868e-03  residual(p)=4.868e-03  residual(k)=4.868e-03  residual(omega)=4.868e-03
Time = 427  residual(Ux)=4.808e-03  residual(Uy)=4.808e-03  residual(p)=4.808e-03  residual(k)=4.808e-03  residual(omega)=4.808e-03
Time = 428  residual(Ux)=4.748e-03  residual(Uy)=4.748e-03  residual(p)=4.748e-03  residual(k)=4.748e-03  residual(omega)=4.748e-03
Time = 429  residual(Ux)=4.689e-03  residual(Uy)=4.689e-03  residual(p)=4.689e-03  residual(k)=4.689e-03  residual(omega)=4.689e-03
Time = 430  residual(Ux)=4.631e-03  residual(Uy)=4.631e-03  residual(p)=4.631e-03  residual(k)=4.631e-03  residual(omega)=4.631e-03
Time = 431  residual(Ux)=4.573e-03  residual(Uy)=4.573e-03  residual(p)=4.573e-03  residual(k)=4.573e-03  residual(omega)=4.573e-03
Time = 432  residual(Ux)=4.517e-03  residual(Uy)=4.517e-03  residual(p)=4.517e-03  residual(k)=4.517e-03  residual(omega)=4.517e-03
Time = 433  residual(Ux)=4.460e-03  residual(Uy)=4.460e-03  residual(p)=4.460e-03  residual(k)=4.460e-03  residual(omega)=4.460e-03
Time = 434  residual(Ux)=4.405e-03  residual(Uy)=4.405e-03  residual(p)=4.405e-03  residual(k)=4.405e-03  residual(omega)=4.405e-03
Time = 435  residual(Ux)=4.350e-03  residual(Uy)=4.350e-03  residual(p)=4.350e-03  residual(k)=4.350e-03  residual(omega)=4.350e-03
Time = 436  residual(Ux)=4.296e-03  residual(Uy)=4.296e-03  residual(p)=4.296e-03  residual(k)=4.296e-03  residual(omega)=4.296e-03
Time = 437  residual(Ux)=4.243e-03  residual(Uy)=4.243e-03  residual(p)=4.243e-03  residual(k)=4.243e-03  residual(omega)=4.243e-03
Time = 438  residual(Ux)=4.190e-03  residual(Uy)=4.190e-03  residual(p)=4.190e-03  residual(k)=4.190e-03  residual(omega)=4.190e-03
Time = 439  residual(Ux)=4.138e-03  residual(Uy)=4.138e-03  residual(p)=4.138e-03  residual(k)=4.138e-03  residual(omega)=4.138e-03
Time = 440  residual(Ux)=4.087e-03  residual(Uy)=4.087e-03  residual(p)=4.087e-03  residual(k)=4.087e-03  residual(omega)=4.087e-03
Time = 441  residual(Ux)=4.036e-03  residual(Uy)=4.036e-03  residual(p)=4.036e-03  residual(k)=4.036e-03  residual(omega)=4.036e-03
Time = 442  residual(Ux)=3.986e-03  residual(Uy)=3.986e-03  residual(p)=3.986e-03  residual(k)=3.986e-03  residual(omega)=3.986e-03
Time = 443  residual(Ux)=3.936e-03  residual(Uy)=3.936e-03  residual(p)=3.936e-03  residual(k)=3.936e-03  residual(omega)=3.936e-03
Time = 444  residual(Ux)=3.887e-03  residual(Uy)=3.887e-03  residual(p)=3.887e-03  residual(k)=3.887e-03  residual(omega)=3.887e-03
Time = 445  residual(Ux)=3.839e-03  residual(Uy)=3.839e-03  residual(p)=3.839e-03  residual(k)=3.839e-03  residual(omega)=3.839e-03
Time = 446  residual(Ux)=3.791e-03  residual(Uy)=3.791e-03  residual(p)=3.791e-03  residual(k)=3.791e-03  residual(omega)=3.791e-03
Time = 447  residual(Ux)=3.744e-03  residual(Uy)=3.744e-03  residual(p)=3.744e-03  residual(k)=3.744e-03  residual(omega)=3.744e-03
Time = 448  residual(Ux)=3.698e-03  residual(Uy)=3.698e-03  residual(p)=3.698e-03  residual(k)=3.698e-03  residual(omega)=3.698e-03
Time = 449  residual(Ux)=3.652e-03  residual(Uy)=3.652e-03  residual(p)=3.652e-03  residual(k)=3.652e-03  residual(omega)=3.652e-03
Time = 450  residual(Ux)=3.607e-03  residual(Uy)=3.607e-03  residual(p)=3.607e-03  residual(k)=3.607e-03  residual(omega)=3.607e-03
Time = 451  residual(Ux)=3.562e-03  residual(Uy)=3.562e-03  residual(p)=3.562e-03  residual(k)=3.562e-03  residual(omega)=3.562e-03
Time = 452  residual(Ux)=3.518e-03  residual(Uy)=3.518e-03  residual(p)=3.518e-03  residual(k)=3.518e-03  residual(omega)=3.518e-03
Time = 453  residual(Ux)=3.474e-03  residual(Uy)=3.474e-03  residual(p)=3.474e-03  residual(k)=3.474e-03  residual(omega)=3.474e-03
Time = 454  residual(Ux)=3.431e-03  residual(Uy)=3.431e-03  residual(p)=3.431e-03  residual(k)=3.431e-03  residual(omega)=3.431e-03
Time = 455  residual(Ux)=3.388e-03  residual(Uy)=3.388e-03  residual(p)=3.388e-03  residual(k)=3.388e-03  residual(omega)=3.388e-03
Time = 456  residual(Ux)=3.346e-03  residual(Uy)=3.346e-03  residual(p)=3.346e-03  residual(k)=3.346e-03  residual(omega)=3.346e-03
Time = 457  residual(Ux)=3.304e-03  residual(Uy)=3.304e-03  residual(p)=3.304e-03  residual(k)=3.304e-03  residual(omega)=3.304e-03
Time = 458  residual(Ux)=3.263e-03  residual(Uy)=3.263e-03  residual(p)=3.263e-03  residual(k)=3.263e-03  residual(omega)=3.263e-03
Time = 459  residual(Ux)=3.223e-03  residual(Uy)=3.223e-03  residual(p)=3.223e-03  residual(k)=3.223e-03  residual(omega)=3.223e-03
Time = 460  residual(Ux)=3.183e-03  residual(Uy)=3.183e-03  residual(p)=3.183e-03  residual(k)=3.183e-03  residual(omega)=3.183e-03
Time = 461  residual(Ux)=3.143e-03  residual(Uy)=3.143e-03  residual(p)=3.143e-03  residual(k)=3.143e-03  residual(omega)=3.143e-03
Time = 462  residual(Ux)=3.104e-03  residual(Uy)=3.104e-03  residual(p)=3.104e-03  residual(k)=3.104e-03  residual(omega)=3.104e-03
Time = 463  residual(Ux)=3.066e-03  residual(Uy)=3.066e-03  residual(p)=3.066e-03  residual(k)=3.066e-03  residual(omega)=3.066e-03
Time = 464  residual(Ux)=3.028e-03  residual(Uy)=3.028e-03  residual(p)=3.028e-03  residual(k)=3.028e-03  residual(omega)=3.028e-03
Time = 465  residual(Ux)=2.990e-03  residual(Uy)=2.990e-03  residual(p)=2.990e-03  residual(k)=2.990e-03  residual(omega)=2.990e-03
Time = 466  residual(Ux)=2.953e-03  residual(Uy)=2.953e-03  residual(p)=2.953e-03  residual(k)=2.953e-03  residual(omega)=2.953e-03
Time = 467  residual(Ux)=2.916e-03  residual(Uy)=2.916e-03  residual(p)=2.916e-03  residual(k)=2.916e-03  residual(omega)=2.916e-03
Time = 468  residual(Ux)=2.880e-03  residual(Uy)=2.880e-03  residual(p)=2.880e-03  residual(k)=2.880e-03  residual(omega)=2.880e-03
Time = 469  residual(Ux)=2.844e-03  residual(Uy)=2.844e-03  residual(p)=2.844e-03  residual(k)=2.844e-03  residual(omega)=2.844e-03
Time = 470  residual(Ux)=2.809e-03  residual(Uy)=2.809e-03  residual(p)=2.809e-03  residual(k)=2.809e-03  residual(omega)=2.809e-03
Time = 471  residual(Ux)=2.774e-03  residual(Uy)=2.774e-03  residual(p)=2.774e-03  residual(k)=2.774e-03  residual(omega)=2.774e-03
Time = 472  residual(Ux)=2.739e-03  residual(Uy)=2.739e-03  residual(p)=2.739e-03  residual(k)=2.739e-03  residual(omega)=2.739e-03
Time = 473  residual(Ux)=2.705e-03  residual(Uy)=2.705e-03  residual(p)=2.705e-03  residual(k)=2.705e-03  residual(omega)=2.705e-03
Time = 474  residual(Ux)=2.672e-03  residual(Uy)=2.672e-03  residual(p)=2.672e-03  residual(k)=2.672e-03  residual(omega)=2.672e-03
Time = 475  residual(Ux)=2.639e-03  residual(Uy)=2.639e-03  residual(p)=2.639e-03  residual(k)=2.639e-03  residual(omega)=2.639e-03
Time = 476  residual(Ux)=2.606e-03  residual(Uy)=2.606e-03  residual(p)=2.606e-03  residual(k)=2.606e-03  residual(omega)=2.606e-03
Time = 477  residual(Ux)=2.573e-03  residual(Uy)=2.573e-03  residual(p)=2.573e-03  residual(k)=2.573e-03  residual(omega)=2.573e-03
Time = 478  residual(Ux)=2.542e-03  residual(Uy)=2.542e-03  residual(p)=2.542e-03  residual(k)=2.542e-03  residual(omega)=2.542e-03
Time = 479  residual(Ux)=2.510e-03  residual(Uy)=2.510e-03  residual(p)=2.510e-03  residual(k)=2.510e-03  residual(omega)=2.510e-03
Time = 480  residual(Ux)=2.479e-03  residual(Uy)=2.479e-03  residual(p)=2.479e-03  residual(k)=2.479e-03  residual(omega)=2.479e-03
Time = 481  residual(Ux)=2.448e-03  residual(Uy)=2.448e-03  residual(p)=2.448e-03  residual(k)=2.448e-03  residual(omega)=2.448e-03
Time = 482  residual(Ux)=2.418e-03  residual(Uy)=2.418e-03  residual(p)=2.418e-03  residual(k)=2.418e-03  residual(omega)=2.418e-03
Time = 483  residual(Ux)=2.388e-03  residual(Uy)=2.388e-03  residual(p)=2.388e-03  residual(k)=2.388e-03  residual(omega)=2.388e-03
Time = 484  residual(Ux)=2.358e-03  residual(Uy)=2.358e-03  residual(p)=2.358e-03  residual(k)=2.358e-03  residual(omega)=2.358e-03
Time = 485  residual(Ux)=2.329e-03  residual(Uy)=2.329e-03  residual(p)=2.329e-03  residual(k)=2.329e-03  residual(omega)=2.329e-03
Time = 486  residual(Ux)=2.300e-03  residual(Uy)=2.300e-03  residual(p)=2.300e-03  residual(k)=2.300e-03  residual(omega)=2.300e-03
Time = 487  residual(Ux)=2.271e-03  residual(Uy)=2.271e-03  residual(p)=2.271e-03  residual(k)=2.271e-03  residual(omega)=2.271e-03
Time = 488  residual(Ux)=2.243e-03  residual(Uy)=2.243e-03  residual(p)=2.243e-03  residual(k)=2.243e-03  residual(omega)=2.243e-03
Time = 489  residual(Ux)=2.215e-03  residual(Uy)=2.215e-03  residual(p)=2.215e-03  residual(k)=2.215e-03  residual(omega)=2.215e-03
Time = 490  residual(Ux)=2.187e-03  residual(Uy)=2.187e-03  residual(p)=2.187e-03  residual(k)=2.187e-03  residual(omega)=2.187e-03
Time = 491  residual(Ux)=2.160e-03  residual(Uy)=2.160e-03  residual(p)=2.160e-03  residual(k)=2.160e-03  residual(omega)=2.160e-03
Time = 492  residual(Ux)=2.133e-03  residual(Uy)=2.133e-03  residual(p)=2.133e-03  residual(k)=2.133e-03  residual(omega)=2.133e-03
Time = 493  residual(Ux)=2.107e-03  residual(Uy)=2.107e-03  residual(p)=2.107e-03  residual(k)=2.107e-03  residual(omega)=2.107e-03
Time = 494  residual(Ux)=2.081e-03  residual(Uy)=2.081e-03  residual(p)=2.081e-03  residual(k)=2.081e-03  residual(omega)=2.081e-03
Time = 495  residual(Ux)=2.055e-03  residual(Uy)=2.055e-03  residual(p)=2.055e-03  residual(k)=2.055e-03  residual(omega)=2.055e-03
Time = 496  residual(Ux)=2.029e-03  residual(Uy)=2.029e-03  residual(p)=2.029e-03  residual(k)=2.029e-03  residual(omega)=2.029e-03
Time = 497  residual(Ux)=2.004e-03  residual(Uy)=2.004e-03  residual(p)=2.004e-03  residual(k)=2.004e-03  residual(omega)=2.004e-03
Time = 498  residual(Ux)=1.979e-03  residual(Uy)=1.979e-03  residual(p)=1.979e-03  residual(k)=1.979e-03  residual(omega)=1.979e-03
Time = 499  residual(Ux)=1.955e-03  residual(Uy)=1.955e-03  residual(p)=1.955e-03  residual(k)=1.955e-03  residual(omega)=1.955e-03
Time = 500  residual(Ux)=1.930e-03  residual(Uy)=1.930e-03  residual(p)=1.930e-03  residual(k)=1.930e-03  residual(omega)=1.930e-03
